// Jest Snapshot v1, https://goo.gl/fbAQLP

exports[`Package exports expected interface 1`] = `
Object {
  "Avatar": [Function],
  "Button": [Function],
  "DangerButton": [Function],
  "DataScienceTrackEventTag": [Function],
  "DataScienceTrackTag": [Function],
  "DesignTrackEventTag": [Function],
  "DesignTrackTag": [Function],
  "DevelopmentTrackEventTag": [Function],
  "DevelopmentTrackTag": [Function],
  "ErrorMessage": [Function],
  "GhostButton": [Function],
  "Modal": [Function],
  "PrimaryButton": [Function],
  "QATrackEventTag": [Function],
  "QATrackTag": [Function],
  "SecondaryButton": [Function],
  "Tag": [Function],
}
`;
